Could not import `tifffile`, TIFFImageDataDecoder will be disabled
[Gloo] Rank 0 is connected to 0 peer ranks. Expected number of connected peer ranks is : 0
goldfish-01:242915:242915 [0] NCCL INFO Bootstrap: Using eth4:132.65.180.91<0>
goldfish-01:242915:242915 [0] NCCL INFO cudaDriverVersion 13000
goldfish-01:242915:242915 [0] NCCL INFO NCCL version 2.27.5+cuda12.9
goldfish-01:242915:242915 [0] NCCL INFO Comm config Blocking set to 1
goldfish-01:242915:242993 [0] NCCL INFO NET/Plugin: Could not find: libnccl-net.so. 
goldfish-01:242915:242993 [0] NCCL INFO NET/IB : Using [0]mlx5_0:1/IB [1]mlx5_1:1/RoCE [RO]; OOB eth4:132.65.180.91<0>
goldfish-01:242915:242993 [0] NCCL INFO Initialized NET plugin IB
goldfish-01:242915:242993 [0] NCCL INFO Assigned NET plugin IB to comm
goldfish-01:242915:242993 [0] NCCL INFO Using network IB
goldfish-01:242915:242993 [0] NCCL INFO ncclCommInitRankConfig comm 0x385bbd20 rank 0 nranks 1 cudaDev 0 nvmlDev 0 busId f4000 commId 0xb10aea0115e3e9b2 - Init START

[2026-05-24 12:32:10] goldfish-01:242915:242993 [0] ras/client_support.cc:160 NCCL WARN Call to bind failed: Address already in use
goldfish-01:242915:242993 [0] NCCL INFO RAS failed to establish a client listening socket at localhost:28028
goldfish-01:242915:242993 [0] NCCL INFO Bootstrap timings total 0.004693 (create 0.000020, send 0.000052, recv 0.000119, ring 0.000001, delay 0.000000)

[2026-05-24 12:32:10] goldfish-01:242915:242993 [0] transport/net_ib.cc:589 NCCL WARN NET/IB : Attempted to merge incompatible devices: [0]mlx5_0:1/IB and [1]mlx5_1:1/RoCE. Try selecting NICs of only one link type using NCCL_IB_HCA
goldfish-01:242915:242993 [0] NCCL INFO TOPO/NET : Tried merging multiple devices together and failed. vProps={ndevs=2, devs=[0 1 0 0]}. Set NCCL_NET_MERGE_LEVEL=LOC to disable NIC fusion.
goldfish-01:242915:242993 [0] NCCL INFO Marking physical devices as unplaced, increasing distance and restarting search.
goldfish-01:242915:242993 [0] NCCL INFO comm 0x385bbd20 rank 0 nRanks 1 nNodes 1 localRanks 1 localRank 0 MNNVL 0
goldfish-01:242915:242993 [0] NCCL INFO Channel 00/64 : 0
goldfish-01:242915:242993 [0] NCCL INFO Channel 01/64 : 0
goldfish-01:242915:242993 [0] NCCL INFO Channel 02/64 : 0
goldfish-01:242915:242993 [0] NCCL INFO Channel 03/64 : 0
goldfish-01:242915:242993 [0] NCCL INFO Channel 04/64 : 0
goldfish-01:242915:242993 [0] NCCL INFO Channel 05/64 : 0
goldfish-01:242915:242993 [0] NCCL INFO Channel 06/64 : 0
goldfish-01:242915:242993 [0] NCCL INFO Channel 07/64 : 0
goldfish-01:242915:242993 [0] NCCL INFO Channel 08/64 : 0
goldfish-01:242915:242993 [0] NCCL INFO Channel 09/64 : 0
goldfish-01:242915:242993 [0] NCCL INFO Channel 10/64 : 0
goldfish-01:242915:242993 [0] NCCL INFO Channel 11/64 : 0
goldfish-01:242915:242993 [0] NCCL INFO Channel 12/64 : 0
goldfish-01:242915:242993 [0] NCCL INFO Channel 13/64 : 0
goldfish-01:242915:242993 [0] NCCL INFO Channel 14/64 : 0
goldfish-01:242915:242993 [0] NCCL INFO Channel 15/64 : 0
goldfish-01:242915:242993 [0] NCCL INFO Channel 16/64 : 0
goldfish-01:242915:242993 [0] NCCL INFO Channel 17/64 : 0
goldfish-01:242915:242993 [0] NCCL INFO Channel 18/64 : 0
goldfish-01:242915:242993 [0] NCCL INFO Channel 19/64 : 0
goldfish-01:242915:242993 [0] NCCL INFO Channel 20/64 : 0
goldfish-01:242915:242993 [0] NCCL INFO Channel 21/64 : 0
goldfish-01:242915:242993 [0] NCCL INFO Channel 22/64 : 0
goldfish-01:242915:242993 [0] NCCL INFO Channel 23/64 : 0
goldfish-01:242915:242993 [0] NCCL INFO Channel 24/64 : 0
goldfish-01:242915:242993 [0] NCCL INFO Channel 25/64 : 0
goldfish-01:242915:242993 [0] NCCL INFO Channel 26/64 : 0
goldfish-01:242915:242993 [0] NCCL INFO Channel 27/64 : 0
goldfish-01:242915:242993 [0] NCCL INFO Channel 28/64 : 0
goldfish-01:242915:242993 [0] NCCL INFO Channel 29/64 : 0
goldfish-01:242915:242993 [0] NCCL INFO Channel 30/64 : 0
goldfish-01:242915:242993 [0] NCCL INFO Channel 31/64 : 0
goldfish-01:242915:242993 [0] NCCL INFO Channel 32/64 : 0
goldfish-01:242915:242993 [0] NCCL INFO Channel 33/64 : 0
goldfish-01:242915:242993 [0] NCCL INFO Channel 34/64 : 0
goldfish-01:242915:242993 [0] NCCL INFO Channel 35/64 : 0
goldfish-01:242915:242993 [0] NCCL INFO Channel 36/64 : 0
goldfish-01:242915:242993 [0] NCCL INFO Channel 37/64 : 0
goldfish-01:242915:242993 [0] NCCL INFO Channel 38/64 : 0
goldfish-01:242915:242993 [0] NCCL INFO Channel 39/64 : 0
goldfish-01:242915:242993 [0] NCCL INFO Channel 40/64 : 0
goldfish-01:242915:242993 [0] NCCL INFO Channel 41/64 : 0
goldfish-01:242915:242993 [0] NCCL INFO Channel 42/64 : 0
goldfish-01:242915:242993 [0] NCCL INFO Channel 43/64 : 0
goldfish-01:242915:242993 [0] NCCL INFO Channel 44/64 : 0
goldfish-01:242915:242993 [0] NCCL INFO Channel 45/64 : 0
goldfish-01:242915:242993 [0] NCCL INFO Channel 46/64 : 0
goldfish-01:242915:242993 [0] NCCL INFO Channel 47/64 : 0
goldfish-01:242915:242993 [0] NCCL INFO Channel 48/64 : 0
goldfish-01:242915:242993 [0] NCCL INFO Channel 49/64 : 0
goldfish-01:242915:242993 [0] NCCL INFO Channel 50/64 : 0
goldfish-01:242915:242993 [0] NCCL INFO Channel 51/64 : 0
goldfish-01:242915:242993 [0] NCCL INFO Channel 52/64 : 0
goldfish-01:242915:242993 [0] NCCL INFO Channel 53/64 : 0
goldfish-01:242915:242993 [0] NCCL INFO Channel 54/64 : 0
goldfish-01:242915:242993 [0] NCCL INFO Channel 55/64 : 0
goldfish-01:242915:242993 [0] NCCL INFO Channel 56/64 : 0
goldfish-01:242915:242993 [0] NCCL INFO Channel 57/64 : 0
goldfish-01:242915:242993 [0] NCCL INFO Channel 58/64 : 0
goldfish-01:242915:242993 [0] NCCL INFO Channel 59/64 : 0
goldfish-01:242915:242993 [0] NCCL INFO Channel 60/64 : 0
goldfish-01:242915:242993 [0] NCCL INFO Channel 61/64 : 0
goldfish-01:242915:242993 [0] NCCL INFO Channel 62/64 : 0
goldfish-01:242915:242993 [0] NCCL INFO Channel 63/64 : 0
goldfish-01:242915:242993 [0] NCCL INFO Trees [0] -1/-1/-1->0->-1 [1] -1/-1/-1->0->-1 [2] -1/-1/-1->0->-1 [3] -1/-1/-1->0->-1 [4] -1/-1/-1->0->-1 [5] -1/-1/-1->0->-1 [6] -1/-1/-1->0->-1 [7] -1/-1/-1->0->-1 [8] -1/-1/-1->0->-1 [9] -1/-1/-1->0->-1 [10] -1/-1/-1->0->-1 [11] -1/-1/-1->0->-1 [12] -1/-1/-1->0->-1 [13] -1/-1/-1->0->-1 [14] -1/-1/-1->0->-1 [15] -1/-1/-1->0->-1 [16] -1/-1/-1->0->-1 [17] -1/-1/-1->0->-1 [18] -1/-1/-1->0->-1 [19] -1/-1/-1->0->-1 [20] -1/-1/-1->0->-1 [21] -1/-1/-1->0->-1 [22] -1/-1/-1->0->-1 [23] -1/-1/-1->0->-1 [24] -1/-1/-1->0->-1 [25] -1/-1/-1->0->-1 [26] -1/-1/-1->0->-1 [27] -1/-1/-1->0->-1 [28] -1/-1/-1->0->-1 [29] -1/-1/-1->0->-1 [30] -1/-1/-1->0->-1 [31] -1/-1/-1->0->-1 [32] -1/-1/-1->0->-1 [33] -1/-1/-1->0->-1 [34] -1/-1/-1->0->-1 [35] -1/-1/-1->0->-1 [36] -1/-1/-1->0->-1 [37] -1/-1/-1->0->-1 [38] -1/-1/-1->0->-1 [39] -1/-1/-1->0->-1 [40] -1/-1/-1->0->-1 [41] -1/-1/-1->0->-1 [42] -1/-1/-1->0->-1 [43] -1/-1/-1->0->-1 [44] -1/-1/-1->0->-1 [45] -1/-1/-1->0->-1 [46] -1/-1/-1->0->-1 
goldfish-01:242915:242993 [0] NCCL INFO P2P Chunksize set to 524288
goldfish-01:242915:242993 [0] NCCL INFO PROFILER/Plugin: Could not find: libnccl-profiler.so. 
goldfish-01:242915:242993 [0] NCCL INFO Check P2P Type isAllDirectP2p 0 directMode 0
goldfish-01:242915:243020 [0] NCCL INFO [Proxy Service UDS] Device 0 CPU core 32
goldfish-01:242915:243019 [0] NCCL INFO [Proxy Service] Device 0 CPU core 24
goldfish-01:242915:242993 [0] NCCL INFO 64 coll channels, 64 collnet channels, 0 nvls channels, 64 p2p channels, 64 p2p channels per peer
goldfish-01:242915:242993 [0] NCCL INFO CC Off, workFifoBytes 1048576
goldfish-01:242915:242993 [0] NCCL INFO TUNER/Plugin: Could not find: libnccl-tuner.so. Using internal tuner plugin.
goldfish-01:242915:242993 [0] NCCL INFO ncclCommInitRankConfig comm 0x385bbd20 rank 0 nranks 1 cudaDev 0 nvmlDev 0 busId f4000 commId 0xb10aea0115e3e9b2 - Init COMPLETE
goldfish-01:242915:242993 [0] NCCL INFO Init timings - ncclCommInitRankConfig: rank 0 nranks 1 total 2.02 (kernels 1.95, alloc 0.02, bootstrap 0.00, allgathers 0.00, topo 0.02, graphs 0.00, connections 0.02, rest 0.00)
I20260524 12:32:11 242915 dinov2 config.py:66] git:
  sha: 181c0bbcfa5ab15f77b5a4bcac4b38bbe49aabff, status: clean, branch: fmri

I20260524 12:32:11 242915 dinov2 config.py:67] config_file: dinov2/configs/train/fmri_vits.yaml
eval: 
eval_only: False
no_resume: False
opts: ['train.output_dir=/sci/labs/arieljaffe/dan.abergel1/repos/FAIR_official/outputs/dinov2_fmri_20260524_122922']
output_dir: /sci/labs/arieljaffe/dan.abergel1/repos/FAIR_official/outputs/dinov2_fmri_20260524_122922
I20260524 12:32:11 242915 dinov2 config.py:30] sqrt scaling learning rate; base: 0.0003, grad_accum: 8, effective_batch: 16, new lr: 3.75e-05
I20260524 12:32:11 242915 dinov2 config.py:40] MODEL:
  WEIGHTS: ''
compute_precision:
  grad_scaler: true
  teacher:
    backbone:
      sharding_strategy: SHARD_GRAD_OP
      mixed_precision:
        param_dtype: fp16
        reduce_dtype: fp16
        buffer_dtype: fp32
    dino_head:
      sharding_strategy: SHARD_GRAD_OP
      mixed_precision:
        param_dtype: fp16
        reduce_dtype: fp16
        buffer_dtype: fp32
    ibot_head:
      sharding_strategy: SHARD_GRAD_OP
      mixed_precision:
        param_dtype: fp16
        reduce_dtype: fp16
        buffer_dtype: fp32
  student:
    backbone:
      sharding_strategy: SHARD_GRAD_OP
      mixed_precision:
        param_dtype: fp16
        reduce_dtype: fp16
        buffer_dtype: fp32
    dino_head:
      sharding_strategy: SHARD_GRAD_OP
      mixed_precision:
        param_dtype: fp16
        reduce_dtype: fp32
        buffer_dtype: fp32
    ibot_head:
      sharding_strategy: SHARD_GRAD_OP
      mixed_precision:
        param_dtype: fp16
        reduce_dtype: fp32
        buffer_dtype: fp32
dino:
  loss_weight: 1.0
  head_n_prototypes: 4096
  head_bottleneck_dim: 256
  head_nlayers: 3
  head_hidden_dim: 2048
  koleo_loss_weight: 0.1
ibot:
  loss_weight: 1.0
  mask_sample_probability: 0.5
  mask_ratio_min_max:
  - 0.1
  - 0.5
  separate_head: false
  head_n_prototypes: 4096
  head_bottleneck_dim: 256
  head_nlayers: 3
  head_hidden_dim: 2048
train:
  batch_size_per_gpu: 2
  dataset_path: HCP
  output_dir: /sci/labs/arieljaffe/dan.abergel1/repos/FAIR_official/outputs/dinov2_fmri_20260524_122922
  saveckp_freq: 20
  seed: 42
  num_workers: 4
  OFFICIAL_EPOCH_LENGTH: 1000
  cache_dataset: false
  centering: sinkhorn_knopp
  cell_augmentation: false
  fmri_augmentation: true
student:
  arch: vit_small
  patch_size: 9
  drop_path_rate: 0.1
  layerscale: 1.0e-05
  drop_path_uniform: true
  pretrained_weights: /sci/labs/arieljaffe/dan.abergel1/checkpoints/dinov2_vits14_reg4_fmri_init.pth
  ffn_layer: mlp
  block_chunks: 0
  qkv_bias: true
  proj_bias: true
  ffn_bias: true
  num_register_tokens: 4
  interpolate_antialias: false
  interpolate_offset: 0.1
  in_chans: 1
  channel_adaptive: false
  fmri_mode: true
  fmri_img_size:
  - 45
  - 54
  - 45
  fmri_temporal_size: 1200
  fmri_temporal_kernel: 10
teacher:
  momentum_teacher: 0.992
  final_momentum_teacher: 1.0
  warmup_teacher_temp: 0.04
  teacher_temp: 0.07
  warmup_teacher_temp_epochs: 5
  in_chans: 1
  channel_adaptive: false
optim:
  epochs: 20
  weight_decay: 0.04
  weight_decay_end: 0.4
  base_lr: 0.0003
  lr: 3.75e-05
  warmup_epochs: 1
  min_lr: 1.0e-06
  clip_grad: 3.0
  freeze_last_layer_epochs: 1
  scaling_rule: sqrt_wrt_1024
  patch_embed_lr_mult: 0.2
  layerwise_decay: 1.0
  adamw_beta1: 0.9
  adamw_beta2: 0.999
  grad_accum_steps: 8
crops:
  global_crops_scale:
  - 0.32
  - 1.0
  local_crops_number: 8
  local_crops_scale:
  - 0.05
  - 0.32
  global_crops_size: 224
  local_crops_size: 96
evaluation:
  eval_period_iterations: 0

I20260524 12:32:11 242915 dinov2 vision_transformer.py:125] using MLP layer as FFN
I20260524 12:32:11 242915 dinov2 vision_transformer.py:125] using MLP layer as FFN
I20260524 12:32:11 242915 dinov2 ssl_meta_arch.py:43] OPTIONS -- architecture : embed_dim: 384
I20260524 12:32:13 242915 dinov2 ssl_meta_arch.py:47] OPTIONS -- pretrained weights: loading from /sci/labs/arieljaffe/dan.abergel1/checkpoints/dinov2_vits14_reg4_fmri_init.pth
I20260524 12:32:13 242915 dinov2 ssl_meta_arch.py:58] OPTIONS -- DINO
I20260524 12:32:13 242915 dinov2 ssl_meta_arch.py:60] OPTIONS -- DINO -- loss_weight: 1.0
I20260524 12:32:13 242915 dinov2 ssl_meta_arch.py:61] OPTIONS -- DINO -- head_n_prototypes: 4096
I20260524 12:32:13 242915 dinov2 ssl_meta_arch.py:62] OPTIONS -- DINO -- head_bottleneck_dim: 256
I20260524 12:32:13 242915 dinov2 ssl_meta_arch.py:63] OPTIONS -- DINO -- head_hidden_dim: 2048
I20260524 12:32:13 242915 dinov2 ssl_meta_arch.py:75] OPTIONS -- DINO -- applying KOLEO regularization
W20260524 12:32:13 242915 py.warnings warnings.py:109] /sci/labs/arieljaffe/dan.abergel1/torch_env/lib/python3.11/site-packages/torch/nn/utils/weight_norm.py:144: FutureWarning: `torch.nn.utils.weight_norm` is deprecated in favor of `torch.nn.utils.parametrizations.weight_norm`.
  WeightNorm.apply(module, name, dim)

I20260524 12:32:13 242915 dinov2 ssl_meta_arch.py:85] OPTIONS -- IBOT
I20260524 12:32:13 242915 dinov2 ssl_meta_arch.py:86] OPTIONS -- IBOT -- loss_weight: 1.0
I20260524 12:32:13 242915 dinov2 ssl_meta_arch.py:87] OPTIONS -- IBOT masking -- ibot_mask_ratio_tuple: [0.1, 0.5]
I20260524 12:32:13 242915 dinov2 ssl_meta_arch.py:88] OPTIONS -- IBOT masking -- ibot_mask_sample_probability: 0.5
I20260524 12:32:13 242915 dinov2 ssl_meta_arch.py:111] OPTIONS -- IBOT -- head shared with DINO
I20260524 12:32:13 242915 dinov2 ssl_meta_arch.py:121] Student and Teacher are built: they are both vit_small network.
I20260524 12:32:13 242915 dinov2 ssl_meta_arch.py:418] DISTRIBUTED FSDP -- preparing model for distributed training
W20260524 12:32:13 242915 py.warnings warnings.py:109] /sci/labs/arieljaffe/dan.abergel1/torch_env/lib/python3.11/site-packages/torch/distributed/fsdp/fully_sharded_data_parallel.py:479: UserWarning: FSDP is switching to use `NO_SHARD` instead of ShardingStrategy.SHARD_GRAD_OP since the world size is 1.
  _init_core_state(

I20260524 12:32:13 242915 dinov2 train.py:359] Model:
SSLMetaArch(
  (dino_loss): DINOLoss()
  (koleo_loss): KoLeoLoss(
    (pdist): PairwiseDistance()
  )
  (ibot_patch_loss): iBOTPatchLoss()
  (student): ModuleDict(
    (backbone): FullyShardedDataParallel(
      (_fsdp_wrapped_module): DinoVisionTransformer(
        (patch_embed): PatchEmbed3DPlus1D(
          (spatial): Sequential(
            (0): Conv3d(1, 16, kernel_size=(3, 3, 3), stride=(1, 1, 1), padding=(1, 1, 1))
            (1): _ResBlock3D(
              (norm1): GroupNorm(8, 16, eps=1e-05, affine=True)
              (conv1): Conv3d(16, 16, kernel_size=(3, 3, 3), stride=(1, 1, 1), padding=(1, 1, 1))
              (norm2): GroupNorm(8, 16, eps=1e-05, affine=True)
              (conv2): Conv3d(16, 16, kernel_size=(3, 3, 3), stride=(1, 1, 1), padding=(1, 1, 1))
            )
            (2): Conv3d(16, 64, kernel_size=(3, 3, 3), stride=(3, 3, 3))
            (3): _ResBlock3D(
              (norm1): GroupNorm(8, 64, eps=1e-05, affine=True)
              (conv1): Conv3d(64, 64, kernel_size=(3, 3, 3), stride=(1, 1, 1), padding=(1, 1, 1))
              (norm2): GroupNorm(8, 64, eps=1e-05, affine=True)
              (conv2): Conv3d(64, 64, kernel_size=(3, 3, 3), stride=(1, 1, 1), padding=(1, 1, 1))
            )
            (4): Conv3d(64, 384, kernel_size=(3, 3, 3), stride=(3, 3, 3))
            (5): _ResBlock3D(
              (norm1): GroupNorm(8, 384, eps=1e-05, affine=True)
              (conv1): Conv3d(384, 384, kernel_size=(3, 3, 3), stride=(1, 1, 1), padding=(1, 1, 1))
              (norm2): GroupNorm(8, 384, eps=1e-05, affine=True)
              (conv2): Conv3d(384, 384, kernel_size=(3, 3, 3), stride=(1, 1, 1), padding=(1, 1, 1))
            )
          )
          (temporal): Sequential(
            (0): Conv1d(384, 384, kernel_size=(3,), stride=(2,), padding=(1,))
            (1): _ResBlock1D(
              (norm1): GroupNorm(8, 384, eps=1e-05, affine=True)
              (conv1): Conv1d(384, 384, kernel_size=(3,), stride=(1,), padding=(1,))
              (norm2): GroupNorm(8, 384, eps=1e-05, affine=True)
              (conv2): Conv1d(384, 384, kernel_size=(3,), stride=(1,), padding=(1,))
            )
            (2): Conv1d(384, 384, kernel_size=(5,), stride=(5,))
            (3): _ResBlock1D(
              (norm1): GroupNorm(8, 384, eps=1e-05, affine=True)
              (conv1): Conv1d(384, 384, kernel_size=(3,), stride=(1,), padding=(1,))
              (norm2): GroupNorm(8, 384, eps=1e-05, affine=True)
              (conv2): Conv1d(384, 384, kernel_size=(3,), stride=(1,), padding=(1,))
            )
          )
        )
        (blocks): ModuleList(
          (0-11): 12 x NestedTensorBlock(
            (norm1): LayerNorm((384,), eps=1e-06, elementwise_affine=True)
            (attn): MemEffAttention(
              (qkv): Linear(in_features=384, out_features=1152, bias=True)
              (proj): Linear(in_features=384, out_features=384, bias=True)
              (proj_drop): Dropout(p=0.0, inplace=False)
            )
            (ls1): LayerScale()
            (drop_path1): DropPath()
            (norm2): LayerNorm((384,), eps=1e-06, elementwise_affine=True)
            (mlp): Mlp(
              (fc1): Linear(in_features=384, out_features=1536, bias=True)
              (act): GELU(approximate='none')
              (fc2): Linear(in_features=1536, out_features=384, bias=True)
              (drop): Dropout(p=0.0, inplace=False)
            )
            (ls2): LayerScale()
            (drop_path2): DropPath()
          )
        )
        (norm): LayerNorm((384,), eps=1e-06, elementwise_affine=True)
        (head): Identity()
      )
    )
    (dino_head): FullyShardedDataParallel(
      (_fsdp_wrapped_module): DINOHead(
        (mlp): Sequential(
          (0): Linear(in_features=384, out_features=2048, bias=True)
          (1): GELU(approximate='none')
          (2): Linear(in_features=2048, out_features=2048, bias=True)
          (3): GELU(approximate='none')
          (4): Linear(in_features=2048, out_features=256, bias=True)
        )
        (last_layer): Linear(in_features=256, out_features=4096, bias=False)
      )
    )
  )
  (teacher): ModuleDict(
    (backbone): FullyShardedDataParallel(
      (_fsdp_wrapped_module): DinoVisionTransformer(
        (patch_embed): PatchEmbed3DPlus1D(
          (spatial): Sequential(
            (0): Conv3d(1, 16, kernel_size=(3, 3, 3), stride=(1, 1, 1), padding=(1, 1, 1))
            (1): _ResBlock3D(
              (norm1): GroupNorm(8, 16, eps=1e-05, affine=True)
              (conv1): Conv3d(16, 16, kernel_size=(3, 3, 3), stride=(1, 1, 1), padding=(1, 1, 1))
              (norm2): GroupNorm(8, 16, eps=1e-05, affine=True)
              (conv2): Conv3d(16, 16, kernel_size=(3, 3, 3), stride=(1, 1, 1), padding=(1, 1, 1))
            )
            (2): Conv3d(16, 64, kernel_size=(3, 3, 3), stride=(3, 3, 3))
            (3): _ResBlock3D(
              (norm1): GroupNorm(8, 64, eps=1e-05, affine=True)
              (conv1): Conv3d(64, 64, kernel_size=(3, 3, 3), stride=(1, 1, 1), padding=(1, 1, 1))
              (norm2): GroupNorm(8, 64, eps=1e-05, affine=True)
              (conv2): Conv3d(64, 64, kernel_size=(3, 3, 3), stride=(1, 1, 1), padding=(1, 1, 1))
            )
            (4): Conv3d(64, 384, kernel_size=(3, 3, 3), stride=(3, 3, 3))
            (5): _ResBlock3D(
              (norm1): GroupNorm(8, 384, eps=1e-05, affine=True)
              (conv1): Conv3d(384, 384, kernel_size=(3, 3, 3), stride=(1, 1, 1), padding=(1, 1, 1))
              (norm2): GroupNorm(8, 384, eps=1e-05, affine=True)
              (conv2): Conv3d(384, 384, kernel_size=(3, 3, 3), stride=(1, 1, 1), padding=(1, 1, 1))
            )
          )
          (temporal): Sequential(
            (0): Conv1d(384, 384, kernel_size=(3,), stride=(2,), padding=(1,))
            (1): _ResBlock1D(
              (norm1): GroupNorm(8, 384, eps=1e-05, affine=True)
              (conv1): Conv1d(384, 384, kernel_size=(3,), stride=(1,), padding=(1,))
              (norm2): GroupNorm(8, 384, eps=1e-05, affine=True)
              (conv2): Conv1d(384, 384, kernel_size=(3,), stride=(1,), padding=(1,))
            )
            (2): Conv1d(384, 384, kernel_size=(5,), stride=(5,))
            (3): _ResBlock1D(
              (norm1): GroupNorm(8, 384, eps=1e-05, affine=True)
              (conv1): Conv1d(384, 384, kernel_size=(3,), stride=(1,), padding=(1,))
              (norm2): GroupNorm(8, 384, eps=1e-05, affine=True)
              (conv2): Conv1d(384, 384, kernel_size=(3,), stride=(1,), padding=(1,))
            )
          )
        )
        (blocks): ModuleList(
          (0-11): 12 x NestedTensorBlock(
            (norm1): LayerNorm((384,), eps=1e-06, elementwise_affine=True)
            (attn): MemEffAttention(
              (qkv): Linear(in_features=384, out_features=1152, bias=True)
              (proj): Linear(in_features=384, out_features=384, bias=True)
              (proj_drop): Dropout(p=0.0, inplace=False)
            )
            (ls1): LayerScale()
            (drop_path1): Identity()
            (norm2): LayerNorm((384,), eps=1e-06, elementwise_affine=True)
            (mlp): Mlp(
              (fc1): Linear(in_features=384, out_features=1536, bias=True)
              (act): GELU(approximate='none')
              (fc2): Linear(in_features=1536, out_features=384, bias=True)
              (drop): Dropout(p=0.0, inplace=False)
            )
            (ls2): LayerScale()
            (drop_path2): Identity()
          )
        )
        (norm): LayerNorm((384,), eps=1e-06, elementwise_affine=True)
        (head): Identity()
      )
    )
    (dino_head): FullyShardedDataParallel(
      (_fsdp_wrapped_module): DINOHead(
        (mlp): Sequential(
          (0): Linear(in_features=384, out_features=2048, bias=True)
          (1): GELU(approximate='none')
          (2): Linear(in_features=2048, out_features=2048, bias=True)
          (3): GELU(approximate='none')
          (4): Linear(in_features=2048, out_features=256, bias=True)
        )
        (last_layer): Linear(in_features=256, out_features=4096, bias=False)
      )
    )
  )
)
I20260524 12:32:13 242915 dinov2 param_groups.py:54] chunked fsdp
I20260524 12:32:13 242915 dinov2 param_groups.py:87] cls_token: lr_multiplier: 1.0, wd_multiplier: 1.0
I20260524 12:32:13 242915 dinov2 param_groups.py:87] pos_embed: lr_multiplier: 1.0, wd_multiplier: 1.0
I20260524 12:32:13 242915 dinov2 param_groups.py:87] register_tokens: lr_multiplier: 1.0, wd_multiplier: 1.0
I20260524 12:32:13 242915 dinov2 param_groups.py:87] mask_token: lr_multiplier: 1.0, wd_multiplier: 1.0
I20260524 12:32:13 242915 dinov2 param_groups.py:87] patch_embed.pos_temporal: lr_multiplier: 0.2, wd_multiplier: 1.0
I20260524 12:32:13 242915 dinov2 param_groups.py:87] patch_embed.pos_spatial: lr_multiplier: 0.2, wd_multiplier: 1.0
I20260524 12:32:13 242915 dinov2 param_groups.py:87] patch_embed.pos_cls: lr_multiplier: 0.2, wd_multiplier: 1.0
I20260524 12:32:13 242915 dinov2 param_groups.py:87] patch_embed.spatial.0.weight: lr_multiplier: 0.2, wd_multiplier: 1.0
I20260524 12:32:13 242915 dinov2 param_groups.py:87] patch_embed.spatial.0.bias: lr_multiplier: 0.2, wd_multiplier: 0.0
I20260524 12:32:13 242915 dinov2 param_groups.py:87] patch_embed.spatial.1.norm1.weight: lr_multiplier: 0.2, wd_multiplier: 0.0
I20260524 12:32:13 242915 dinov2 param_groups.py:87] patch_embed.spatial.1.norm1.bias: lr_multiplier: 0.2, wd_multiplier: 0.0
I20260524 12:32:13 242915 dinov2 param_groups.py:87] patch_embed.spatial.1.conv1.weight: lr_multiplier: 0.2, wd_multiplier: 1.0
I20260524 12:32:13 242915 dinov2 param_groups.py:87] patch_embed.spatial.1.conv1.bias: lr_multiplier: 0.2, wd_multiplier: 0.0
I20260524 12:32:13 242915 dinov2 param_groups.py:87] patch_embed.spatial.1.norm2.weight: lr_multiplier: 0.2, wd_multiplier: 0.0
I20260524 12:32:13 242915 dinov2 param_groups.py:87] patch_embed.spatial.1.norm2.bias: lr_multiplier: 0.2, wd_multiplier: 0.0
I20260524 12:32:13 242915 dinov2 param_groups.py:87] patch_embed.spatial.1.conv2.weight: lr_multiplier: 0.2, wd_multiplier: 1.0
I20260524 12:32:13 242915 dinov2 param_groups.py:87] patch_embed.spatial.1.conv2.bias: lr_multiplier: 0.2, wd_multiplier: 0.0
I20260524 12:32:13 242915 dinov2 param_groups.py:87] patch_embed.spatial.2.weight: lr_multiplier: 0.2, wd_multiplier: 1.0
I20260524 12:32:13 242915 dinov2 param_groups.py:87] patch_embed.spatial.2.bias: lr_multiplier: 0.2, wd_multiplier: 0.0
I20260524 12:32:13 242915 dinov2 param_groups.py:87] patch_embed.spatial.3.norm1.weight: lr_multiplier: 0.2, wd_multiplier: 0.0
I20260524 12:32:13 242915 dinov2 param_groups.py:87] patch_embed.spatial.3.norm1.bias: lr_multiplier: 0.2, wd_multiplier: 0.0
I20260524 12:32:13 242915 dinov2 param_groups.py:87] patch_embed.spatial.3.conv1.weight: lr_multiplier: 0.2, wd_multiplier: 1.0
I20260524 12:32:13 242915 dinov2 param_groups.py:87] patch_embed.spatial.3.conv1.bias: lr_multiplier: 0.2, wd_multiplier: 0.0
I20260524 12:32:13 242915 dinov2 param_groups.py:87] patch_embed.spatial.3.norm2.weight: lr_multiplier: 0.2, wd_multiplier: 0.0
I20260524 12:32:13 242915 dinov2 param_groups.py:87] patch_embed.spatial.3.norm2.bias: lr_multiplier: 0.2, wd_multiplier: 0.0
I20260524 12:32:13 242915 dinov2 param_groups.py:87] patch_embed.spatial.3.conv2.weight: lr_multiplier: 0.2, wd_multiplier: 1.0
I20260524 12:32:13 242915 dinov2 param_groups.py:87] patch_embed.spatial.3.conv2.bias: lr_multiplier: 0.2, wd_multiplier: 0.0
I20260524 12:32:13 242915 dinov2 param_groups.py:87] patch_embed.spatial.4.weight: lr_multiplier: 0.2, wd_multiplier: 1.0
I20260524 12:32:13 242915 dinov2 param_groups.py:87] patch_embed.spatial.4.bias: lr_multiplier: 0.2, wd_multiplier: 0.0
I20260524 12:32:13 242915 dinov2 param_groups.py:87] patch_embed.spatial.5.norm1.weight: lr_multiplier: 0.2, wd_multiplier: 0.0
I20260524 12:32:13 242915 dinov2 param_groups.py:87] patch_embed.spatial.5.norm1.bias: lr_multiplier: 0.2, wd_multiplier: 0.0
I20260524 12:32:13 242915 dinov2 param_groups.py:87] patch_embed.spatial.5.conv1.weight: lr_multiplier: 0.2, wd_multiplier: 1.0
I20260524 12:32:13 242915 dinov2 param_groups.py:87] patch_embed.spatial.5.conv1.bias: lr_multiplier: 0.2, wd_multiplier: 0.0
I20260524 12:32:13 242915 dinov2 param_groups.py:87] patch_embed.spatial.5.norm2.weight: lr_multiplier: 0.2, wd_multiplier: 0.0
I20260524 12:32:13 242915 dinov2 param_groups.py:87] patch_embed.spatial.5.norm2.bias: lr_multiplier: 0.2, wd_multiplier: 0.0
I20260524 12:32:13 242915 dinov2 param_groups.py:87] patch_embed.spatial.5.conv2.weight: lr_multiplier: 0.2, wd_multiplier: 1.0
I20260524 12:32:13 242915 dinov2 param_groups.py:87] patch_embed.spatial.5.conv2.bias: lr_multiplier: 0.2, wd_multiplier: 0.0
I20260524 12:32:13 242915 dinov2 param_groups.py:87] patch_embed.temporal.0.weight: lr_multiplier: 0.2, wd_multiplier: 1.0
I20260524 12:32:13 242915 dinov2 param_groups.py:87] patch_embed.temporal.0.bias: lr_multiplier: 0.2, wd_multiplier: 0.0
I20260524 12:32:13 242915 dinov2 param_groups.py:87] patch_embed.temporal.1.norm1.weight: lr_multiplier: 0.2, wd_multiplier: 0.0
I20260524 12:32:13 242915 dinov2 param_groups.py:87] patch_embed.temporal.1.norm1.bias: lr_multiplier: 0.2, wd_multiplier: 0.0
I20260524 12:32:13 242915 dinov2 param_groups.py:87] patch_embed.temporal.1.conv1.weight: lr_multiplier: 0.2, wd_multiplier: 1.0
I20260524 12:32:13 242915 dinov2 param_groups.py:87] patch_embed.temporal.1.conv1.bias: lr_multiplier: 0.2, wd_multiplier: 0.0
I20260524 12:32:13 242915 dinov2 param_groups.py:87] patch_embed.temporal.1.norm2.weight: lr_multiplier: 0.2, wd_multiplier: 0.0
I20260524 12:32:13 242915 dinov2 param_groups.py:87] patch_embed.temporal.1.norm2.bias: lr_multiplier: 0.2, wd_multiplier: 0.0
I20260524 12:32:13 242915 dinov2 param_groups.py:87] patch_embed.temporal.1.conv2.weight: lr_multiplier: 0.2, wd_multiplier: 1.0
I20260524 12:32:13 242915 dinov2 param_groups.py:87] patch_embed.temporal.1.conv2.bias: lr_multiplier: 0.2, wd_multiplier: 0.0
I20260524 12:32:13 242915 dinov2 param_groups.py:87] patch_embed.temporal.2.weight: lr_multiplier: 0.2, wd_multiplier: 1.0
I20260524 12:32:13 242915 dinov2 param_groups.py:87] patch_embed.temporal.2.bias: lr_multiplier: 0.2, wd_multiplier: 0.0
I20260524 12:32:13 242915 dinov2 param_groups.py:87] patch_embed.temporal.3.norm1.weight: lr_multiplier: 0.2, wd_multiplier: 0.0
I20260524 12:32:13 242915 dinov2 param_groups.py:87] patch_embed.temporal.3.norm1.bias: lr_multiplier: 0.2, wd_multiplier: 0.0
I20260524 12:32:13 242915 dinov2 param_groups.py:87] patch_embed.temporal.3.conv1.weight: lr_multiplier: 0.2, wd_multiplier: 1.0
I20260524 12:32:13 242915 dinov2 param_groups.py:87] patch_embed.temporal.3.conv1.bias: lr_multiplier: 0.2, wd_multiplier: 0.0
I20260524 12:32:13 242915 dinov2 param_groups.py:87] patch_embed.temporal.3.norm2.weight: lr_multiplier: 0.2, wd_multiplier: 0.0
I20260524 12:32:13 242915 dinov2 param_groups.py:87] patch_embed.temporal.3.norm2.bias: lr_multiplier: 0.2, wd_multiplier: 0.0
I20260524 12:32:13 242915 dinov2 param_groups.py:87] patch_embed.temporal.3.conv2.weight: lr_multiplier: 0.2, wd_multiplier: 1.0
I20260524 12:32:13 242915 dinov2 param_groups.py:87] patch_embed.temporal.3.conv2.bias: lr_multiplier: 0.2, wd_multiplier: 0.0
I20260524 12:32:13 242915 dinov2 param_groups.py:87] blocks.0.norm1.weight: lr_multiplier: 1.0, wd_multiplier: 0.0
I20260524 12:32:13 242915 dinov2 param_groups.py:87] blocks.0.norm1.bias: lr_multiplier: 1.0, wd_multiplier: 0.0
I20260524 12:32:13 242915 dinov2 param_groups.py:87] blocks.0.attn.qkv.weight: lr_multiplier: 1.0, wd_multiplier: 1.0
I20260524 12:32:13 242915 dinov2 param_groups.py:87] blocks.0.attn.qkv.bias: lr_multiplier: 1.0, wd_multiplier: 0.0
I20260524 12:32:13 242915 dinov2 param_groups.py:87] blocks.0.attn.proj.weight: lr_multiplier: 1.0, wd_multiplier: 1.0
I20260524 12:32:13 242915 dinov2 param_groups.py:87] blocks.0.attn.proj.bias: lr_multiplier: 1.0, wd_multiplier: 0.0
I20260524 12:32:13 242915 dinov2 param_groups.py:87] blocks.0.ls1.gamma: lr_multiplier: 1.0, wd_multiplier: 0.0
I20260524 12:32:13 242915 dinov2 param_groups.py:87] blocks.0.norm2.weight: lr_multiplier: 1.0, wd_multiplier: 0.0
I20260524 12:32:13 242915 dinov2 param_groups.py:87] blocks.0.norm2.bias: lr_multiplier: 1.0, wd_multiplier: 0.0
I20260524 12:32:13 242915 dinov2 param_groups.py:87] blocks.0.mlp.fc1.weight: lr_multiplier: 1.0, wd_multiplier: 1.0
I20260524 12:32:13 242915 dinov2 param_groups.py:87] blocks.0.mlp.fc1.bias: lr_multiplier: 1.0, wd_multiplier: 0.0
I20260524 12:32:13 242915 dinov2 param_groups.py:87] blocks.0.mlp.fc2.weight: lr_multiplier: 1.0, wd_multiplier: 1.0
I20260524 12:32:13 242915 dinov2 param_groups.py:87] blocks.0.mlp.fc2.bias: lr_multiplier: 1.0, wd_multiplier: 0.0
I20260524 12:32:13 242915 dinov2 param_groups.py:87] blocks.0.ls2.gamma: lr_multiplier: 1.0, wd_multiplier: 0.0
I20260524 12:32:13 242915 dinov2 param_groups.py:87] blocks.1.norm1.weight: lr_multiplier: 1.0, wd_multiplier: 0.0
I20260524 12:32:13 242915 dinov2 param_groups.py:87] blocks.1.norm1.bias: lr_multiplier: 1.0, wd_multiplier: 0.0
I20260524 12:32:13 242915 dinov2 param_groups.py:87] blocks.1.attn.qkv.weight: lr_multiplier: 1.0, wd_multiplier: 1.0
I20260524 12:32:13 242915 dinov2 param_groups.py:87] blocks.1.attn.qkv.bias: lr_multiplier: 1.0, wd_multiplier: 0.0
I20260524 12:32:13 242915 dinov2 param_groups.py:87] blocks.1.attn.proj.weight: lr_multiplier: 1.0, wd_multiplier: 1.0
I20260524 12:32:13 242915 dinov2 param_groups.py:87] blocks.1.attn.proj.bias: lr_multiplier: 1.0, wd_multiplier: 0.0
I20260524 12:32:13 242915 dinov2 param_groups.py:87] blocks.1.ls1.gamma: lr_multiplier: 1.0, wd_multiplier: 0.0
I20260524 12:32:13 242915 dinov2 param_groups.py:87] blocks.1.norm2.weight: lr_multiplier: 1.0, wd_multiplier: 0.0
I20260524 12:32:13 242915 dinov2 param_groups.py:87] blocks.1.norm2.bias: lr_multiplier: 1.0, wd_multiplier: 0.0
I20260524 12:32:13 242915 dinov2 param_groups.py:87] blocks.1.mlp.fc1.weight: lr_multiplier: 1.0, wd_multiplier: 1.0
I20260524 12:32:13 242915 dinov2 param_groups.py:87] blocks.1.mlp.fc1.bias: lr_multiplier: 1.0, wd_multiplier: 0.0
I20260524 12:32:13 242915 dinov2 param_groups.py:87] blocks.1.mlp.fc2.weight: lr_multiplier: 1.0, wd_multiplier: 1.0
I20260524 12:32:13 242915 dinov2 param_groups.py:87] blocks.1.mlp.fc2.bias: lr_multiplier: 1.0, wd_multiplier: 0.0
I20260524 12:32:13 242915 dinov2 param_groups.py:87] blocks.1.ls2.gamma: lr_multiplier: 1.0, wd_multiplier: 0.0
I20260524 12:32:13 242915 dinov2 param_groups.py:87] blocks.2.norm1.weight: lr_multiplier: 1.0, wd_multiplier: 0.0
I20260524 12:32:13 242915 dinov2 param_groups.py:87] blocks.2.norm1.bias: lr_multiplier: 1.0, wd_multiplier: 0.0
I20260524 12:32:13 242915 dinov2 param_groups.py:87] blocks.2.attn.qkv.weight: lr_multiplier: 1.0, wd_multiplier: 1.0
I20260524 12:32:13 242915 dinov2 param_groups.py:87] blocks.2.attn.qkv.bias: lr_multiplier: 1.0, wd_multiplier: 0.0
I20260524 12:32:13 242915 dinov2 param_groups.py:87] blocks.2.attn.proj.weight: lr_multiplier: 1.0, wd_multiplier: 1.0
I20260524 12:32:13 242915 dinov2 param_groups.py:87] blocks.2.attn.proj.bias: lr_multiplier: 1.0, wd_multiplier: 0.0
I20260524 12:32:13 242915 dinov2 param_groups.py:87] blocks.2.ls1.gamma: lr_multiplier: 1.0, wd_multiplier: 0.0
I20260524 12:32:13 242915 dinov2 param_groups.py:87] blocks.2.norm2.weight: lr_multiplier: 1.0, wd_multiplier: 0.0
I20260524 12:32:13 242915 dinov2 param_groups.py:87] blocks.2.norm2.bias: lr_multiplier: 1.0, wd_multiplier: 0.0
I20260524 12:32:13 242915 dinov2 param_groups.py:87] blocks.2.mlp.fc1.weight: lr_multiplier: 1.0, wd_multiplier: 1.0
I20260524 12:32:13 242915 dinov2 param_groups.py:87] blocks.2.mlp.fc1.bias: lr_multiplier: 1.0, wd_multiplier: 0.0
I20260524 12:32:13 242915 dinov2 param_groups.py:87] blocks.2.mlp.fc2.weight: lr_multiplier: 1.0, wd_multiplier: 1.0
I20260524 12:32:13 242915 dinov2 param_groups.py:87] blocks.2.mlp.fc2.bias: lr_multiplier: 1.0, wd_multiplier: 0.0
I20260524 12:32:13 242915 dinov2 param_groups.py:87] blocks.2.ls2.gamma: lr_multiplier: 1.0, wd_multiplier: 0.0
I20260524 12:32:13 242915 dinov2 param_groups.py:87] blocks.3.norm1.weight: lr_multiplier: 1.0, wd_multiplier: 0.0
I20260524 12:32:13 242915 dinov2 param_groups.py:87] blocks.3.norm1.bias: lr_multiplier: 1.0, wd_multiplier: 0.0
I20260524 12:32:13 242915 dinov2 param_groups.py:87] blocks.3.attn.qkv.weight: lr_multiplier: 1.0, wd_multiplier: 1.0
I20260524 12:32:13 242915 dinov2 param_groups.py:87] blocks.3.attn.qkv.bias: lr_multiplier: 1.0, wd_multiplier: 0.0
I20260524 12:32:13 242915 dinov2 param_groups.py:87] blocks.3.attn.proj.weight: lr_multiplier: 1.0, wd_multiplier: 1.0
I20260524 12:32:13 242915 dinov2 param_groups.py:87] blocks.3.attn.proj.bias: lr_multiplier: 1.0, wd_multiplier: 0.0
I20260524 12:32:13 242915 dinov2 param_groups.py:87] blocks.3.ls1.gamma: lr_multiplier: 1.0, wd_multiplier: 0.0
I20260524 12:32:13 242915 dinov2 param_groups.py:87] blocks.3.norm2.weight: lr_multiplier: 1.0, wd_multiplier: 0.0
I20260524 12:32:13 242915 dinov2 param_groups.py:87] blocks.3.norm2.bias: lr_multiplier: 1.0, wd_multiplier: 0.0
I20260524 12:32:13 242915 dinov2 param_groups.py:87] blocks.3.mlp.fc1.weight: lr_multiplier: 1.0, wd_multiplier: 1.0
I20260524 12:32:13 242915 dinov2 param_groups.py:87] blocks.3.mlp.fc1.bias: lr_multiplier: 1.0, wd_multiplier: 0.0
I20260524 12:32:13 242915 dinov2 param_groups.py:87] blocks.3.mlp.fc2.weight: lr_multiplier: 1.0, wd_multiplier: 1.0
I20260524 12:32:13 242915 dinov2 param_groups.py:87] blocks.3.mlp.fc2.bias: lr_multiplier: 1.0, wd_multiplier: 0.0
I20260524 12:32:13 242915 dinov2 param_groups.py:87] blocks.3.ls2.gamma: lr_multiplier: 1.0, wd_multiplier: 0.0
I20260524 12:32:13 242915 dinov2 param_groups.py:87] blocks.4.norm1.weight: lr_multiplier: 1.0, wd_multiplier: 0.0
I20260524 12:32:13 242915 dinov2 param_groups.py:87] blocks.4.norm1.bias: lr_multiplier: 1.0, wd_multiplier: 0.0
I20260524 12:32:13 242915 dinov2 param_groups.py:87] blocks.4.attn.qkv.weight: lr_multiplier: 1.0, wd_multiplier: 1.0
I20260524 12:32:13 242915 dinov2 param_groups.py:87] blocks.4.attn.qkv.bias: lr_multiplier: 1.0, wd_multiplier: 0.0
I20260524 12:32:13 242915 dinov2 param_groups.py:87] blocks.4.attn.proj.weight: lr_multiplier: 1.0, wd_multiplier: 1.0
I20260524 12:32:13 242915 dinov2 param_groups.py:87] blocks.4.attn.proj.bias: lr_multiplier: 1.0, wd_multiplier: 0.0
I20260524 12:32:13 242915 dinov2 param_groups.py:87] blocks.4.ls1.gamma: lr_multiplier: 1.0, wd_multiplier: 0.0
I20260524 12:32:13 242915 dinov2 param_groups.py:87] blocks.4.norm2.weight: lr_multiplier: 1.0, wd_multiplier: 0.0
I20260524 12:32:13 242915 dinov2 param_groups.py:87] blocks.4.norm2.bias: lr_multiplier: 1.0, wd_multiplier: 0.0
I20260524 12:32:13 242915 dinov2 param_groups.py:87] blocks.4.mlp.fc1.weight: lr_multiplier: 1.0, wd_multiplier: 1.0
I20260524 12:32:13 242915 dinov2 param_groups.py:87] blocks.4.mlp.fc1.bias: lr_multiplier: 1.0, wd_multiplier: 0.0
I20260524 12:32:13 242915 dinov2 param_groups.py:87] blocks.4.mlp.fc2.weight: lr_multiplier: 1.0, wd_multiplier: 1.0
I20260524 12:32:13 242915 dinov2 param_groups.py:87] blocks.4.mlp.fc2.bias: lr_multiplier: 1.0, wd_multiplier: 0.0
I20260524 12:32:13 242915 dinov2 param_groups.py:87] blocks.4.ls2.gamma: lr_multiplier: 1.0, wd_multiplier: 0.0
I20260524 12:32:13 242915 dinov2 param_groups.py:87] blocks.5.norm1.weight: lr_multiplier: 1.0, wd_multiplier: 0.0
I20260524 12:32:13 242915 dinov2 param_groups.py:87] blocks.5.norm1.bias: lr_multiplier: 1.0, wd_multiplier: 0.0
I20260524 12:32:13 242915 dinov2 param_groups.py:87] blocks.5.attn.qkv.weight: lr_multiplier: 1.0, wd_multiplier: 1.0
I20260524 12:32:13 242915 dinov2 param_groups.py:87] blocks.5.attn.qkv.bias: lr_multiplier: 1.0, wd_multiplier: 0.0
I20260524 12:32:13 242915 dinov2 param_groups.py:87] blocks.5.attn.proj.weight: lr_multiplier: 1.0, wd_multiplier: 1.0
I20260524 12:32:13 242915 dinov2 param_groups.py:87] blocks.5.attn.proj.bias: lr_multiplier: 1.0, wd_multiplier: 0.0
I20260524 12:32:13 242915 dinov2 param_groups.py:87] blocks.5.ls1.gamma: lr_multiplier: 1.0, wd_multiplier: 0.0
I20260524 12:32:13 242915 dinov2 param_groups.py:87] blocks.5.norm2.weight: lr_multiplier: 1.0, wd_multiplier: 0.0
I20260524 12:32:13 242915 dinov2 param_groups.py:87] blocks.5.norm2.bias: lr_multiplier: 1.0, wd_multiplier: 0.0
I20260524 12:32:13 242915 dinov2 param_groups.py:87] blocks.5.mlp.fc1.weight: lr_multiplier: 1.0, wd_multiplier: 1.0
I20260524 12:32:13 242915 dinov2 param_groups.py:87] blocks.5.mlp.fc1.bias: lr_multiplier: 1.0, wd_multiplier: 0.0
I20260524 12:32:13 242915 dinov2 param_groups.py:87] blocks.5.mlp.fc2.weight: lr_multiplier: 1.0, wd_multiplier: 1.0
I20260524 12:32:13 242915 dinov2 param_groups.py:87] blocks.5.mlp.fc2.bias: lr_multiplier: 1.0, wd_multiplier: 0.0
I20260524 12:32:13 242915 dinov2 param_groups.py:87] blocks.5.ls2.gamma: lr_multiplier: 1.0, wd_multiplier: 0.0
I20260524 12:32:13 242915 dinov2 param_groups.py:87] blocks.6.norm1.weight: lr_multiplier: 1.0, wd_multiplier: 0.0
I20260524 12:32:13 242915 dinov2 param_groups.py:87] blocks.6.norm1.bias: lr_multiplier: 1.0, wd_multiplier: 0.0
I20260524 12:32:13 242915 dinov2 param_groups.py:87] blocks.6.attn.qkv.weight: lr_multiplier: 1.0, wd_multiplier: 1.0
I20260524 12:32:13 242915 dinov2 param_groups.py:87] blocks.6.attn.qkv.bias: lr_multiplier: 1.0, wd_multiplier: 0.0
I20260524 12:32:13 242915 dinov2 param_groups.py:87] blocks.6.attn.proj.weight: lr_multiplier: 1.0, wd_multiplier: 1.0
I20260524 12:32:13 242915 dinov2 param_groups.py:87] blocks.6.attn.proj.bias: lr_multiplier: 1.0, wd_multiplier: 0.0
I20260524 12:32:13 242915 dinov2 param_groups.py:87] blocks.6.ls1.gamma: lr_multiplier: 1.0, wd_multiplier: 0.0
I20260524 12:32:13 242915 dinov2 param_groups.py:87] blocks.6.norm2.weight: lr_multiplier: 1.0, wd_multiplier: 0.0
I20260524 12:32:13 242915 dinov2 param_groups.py:87] blocks.6.norm2.bias: lr_multiplier: 1.0, wd_multiplier: 0.0
I20260524 12:32:13 242915 dinov2 param_groups.py:87] blocks.6.mlp.fc1.weight: lr_multiplier: 1.0, wd_multiplier: 1.0
I20260524 12:32:13 242915 dinov2 param_groups.py:87] blocks.6.mlp.fc1.bias: lr_multiplier: 1.0, wd_multiplier: 0.0
I20260524 12:32:13 242915 dinov2 param_groups.py:87] blocks.6.mlp.fc2.weight: lr_multiplier: 1.0, wd_multiplier: 1.0
I20260524 12:32:13 242915 dinov2 param_groups.py:87] blocks.6.mlp.fc2.bias: lr_multiplier: 1.0, wd_multiplier: 0.0
I20260524 12:32:13 242915 dinov2 param_groups.py:87] blocks.6.ls2.gamma: lr_multiplier: 1.0, wd_multiplier: 0.0
I20260524 12:32:13 242915 dinov2 param_groups.py:87] blocks.7.norm1.weight: lr_multiplier: 1.0, wd_multiplier: 0.0
I20260524 12:32:13 242915 dinov2 param_groups.py:87] blocks.7.norm1.bias: lr_multiplier: 1.0, wd_multiplier: 0.0
I20260524 12:32:13 242915 dinov2 param_groups.py:87] blocks.7.attn.qkv.weight: lr_multiplier: 1.0, wd_multiplier: 1.0
I20260524 12:32:13 242915 dinov2 param_groups.py:87] blocks.7.attn.qkv.bias: lr_multiplier: 1.0, wd_multiplier: 0.0
I20260524 12:32:13 242915 dinov2 param_groups.py:87] blocks.7.attn.proj.weight: lr_multiplier: 1.0, wd_multiplier: 1.0
I20260524 12:32:13 242915 dinov2 param_groups.py:87] blocks.7.attn.proj.bias: lr_multiplier: 1.0, wd_multiplier: 0.0
I20260524 12:32:13 242915 dinov2 param_groups.py:87] blocks.7.ls1.gamma: lr_multiplier: 1.0, wd_multiplier: 0.0
I20260524 12:32:13 242915 dinov2 param_groups.py:87] blocks.7.norm2.weight: lr_multiplier: 1.0, wd_multiplier: 0.0
I20260524 12:32:13 242915 dinov2 param_groups.py:87] blocks.7.norm2.bias: lr_multiplier: 1.0, wd_multiplier: 0.0
I20260524 12:32:13 242915 dinov2 param_groups.py:87] blocks.7.mlp.fc1.weight: lr_multiplier: 1.0, wd_multiplier: 1.0
I20260524 12:32:13 242915 dinov2 param_groups.py:87] blocks.7.mlp.fc1.bias: lr_multiplier: 1.0, wd_multiplier: 0.0
I20260524 12:32:13 242915 dinov2 param_groups.py:87] blocks.7.mlp.fc2.weight: lr_multiplier: 1.0, wd_multiplier: 1.0
I20260524 12:32:13 242915 dinov2 param_groups.py:87] blocks.7.mlp.fc2.bias: lr_multiplier: 1.0, wd_multiplier: 0.0
I20260524 12:32:13 242915 dinov2 param_groups.py:87] blocks.7.ls2.gamma: lr_multiplier: 1.0, wd_multiplier: 0.0
I20260524 12:32:13 242915 dinov2 param_groups.py:87] blocks.8.norm1.weight: lr_multiplier: 1.0, wd_multiplier: 0.0
I20260524 12:32:13 242915 dinov2 param_groups.py:87] blocks.8.norm1.bias: lr_multiplier: 1.0, wd_multiplier: 0.0
I20260524 12:32:13 242915 dinov2 param_groups.py:87] blocks.8.attn.qkv.weight: lr_multiplier: 1.0, wd_multiplier: 1.0
I20260524 12:32:13 242915 dinov2 param_groups.py:87] blocks.8.attn.qkv.bias: lr_multiplier: 1.0, wd_multiplier: 0.0
I20260524 12:32:13 242915 dinov2 param_groups.py:87] blocks.8.attn.proj.weight: lr_multiplier: 1.0, wd_multiplier: 1.0
I20260524 12:32:13 242915 dinov2 param_groups.py:87] blocks.8.attn.proj.bias: lr_multiplier: 1.0, wd_multiplier: 0.0
I20260524 12:32:13 242915 dinov2 param_groups.py:87] blocks.8.ls1.gamma: lr_multiplier: 1.0, wd_multiplier: 0.0
I20260524 12:32:13 242915 dinov2 param_groups.py:87] blocks.8.norm2.weight: lr_multiplier: 1.0, wd_multiplier: 0.0
I20260524 12:32:13 242915 dinov2 param_groups.py:87] blocks.8.norm2.bias: lr_multiplier: 1.0, wd_multiplier: 0.0
I20260524 12:32:13 242915 dinov2 param_groups.py:87] blocks.8.mlp.fc1.weight: lr_multiplier: 1.0, wd_multiplier: 1.0
I20260524 12:32:13 242915 dinov2 param_groups.py:87] blocks.8.mlp.fc1.bias: lr_multiplier: 1.0, wd_multiplier: 0.0
I20260524 12:32:13 242915 dinov2 param_groups.py:87] blocks.8.mlp.fc2.weight: lr_multiplier: 1.0, wd_multiplier: 1.0
I20260524 12:32:13 242915 dinov2 param_groups.py:87] blocks.8.mlp.fc2.bias: lr_multiplier: 1.0, wd_multiplier: 0.0
I20260524 12:32:13 242915 dinov2 param_groups.py:87] blocks.8.ls2.gamma: lr_multiplier: 1.0, wd_multiplier: 0.0
I20260524 12:32:13 242915 dinov2 param_groups.py:87] blocks.9.norm1.weight: lr_multiplier: 1.0, wd_multiplier: 0.0
I20260524 12:32:13 242915 dinov2 param_groups.py:87] blocks.9.norm1.bias: lr_multiplier: 1.0, wd_multiplier: 0.0
I20260524 12:32:13 242915 dinov2 param_groups.py:87] blocks.9.attn.qkv.weight: lr_multiplier: 1.0, wd_multiplier: 1.0
I20260524 12:32:13 242915 dinov2 param_groups.py:87] blocks.9.attn.qkv.bias: lr_multiplier: 1.0, wd_multiplier: 0.0
I20260524 12:32:13 242915 dinov2 param_groups.py:87] blocks.9.attn.proj.weight: lr_multiplier: 1.0, wd_multiplier: 1.0
I20260524 12:32:13 242915 dinov2 param_groups.py:87] blocks.9.attn.proj.bias: lr_multiplier: 1.0, wd_multiplier: 0.0
I20260524 12:32:13 242915 dinov2 param_groups.py:87] blocks.9.ls1.gamma: lr_multiplier: 1.0, wd_multiplier: 0.0
I20260524 12:32:13 242915 dinov2 param_groups.py:87] blocks.9.norm2.weight: lr_multiplier: 1.0, wd_multiplier: 0.0
I20260524 12:32:13 242915 dinov2 param_groups.py:87] blocks.9.norm2.bias: lr_multiplier: 1.0, wd_multiplier: 0.0
I20260524 12:32:13 242915 dinov2 param_groups.py:87] blocks.9.mlp.fc1.weight: lr_multiplier: 1.0, wd_multiplier: 1.0
I20260524 12:32:13 242915 dinov2 param_groups.py:87] blocks.9.mlp.fc1.bias: lr_multiplier: 1.0, wd_multiplier: 0.0
I20260524 12:32:13 242915 dinov2 param_groups.py:87] blocks.9.mlp.fc2.weight: lr_multiplier: 1.0, wd_multiplier: 1.0
I20260524 12:32:13 242915 dinov2 param_groups.py:87] blocks.9.mlp.fc2.bias: lr_multiplier: 1.0, wd_multiplier: 0.0
I20260524 12:32:13 242915 dinov2 param_groups.py:87] blocks.9.ls2.gamma: lr_multiplier: 1.0, wd_multiplier: 0.0
I20260524 12:32:13 242915 dinov2 param_groups.py:87] blocks.10.norm1.weight: lr_multiplier: 1.0, wd_multiplier: 0.0
I20260524 12:32:13 242915 dinov2 param_groups.py:87] blocks.10.norm1.bias: lr_multiplier: 1.0, wd_multiplier: 0.0
I20260524 12:32:13 242915 dinov2 param_groups.py:87] blocks.10.attn.qkv.weight: lr_multiplier: 1.0, wd_multiplier: 1.0
I20260524 12:32:13 242915 dinov2 param_groups.py:87] blocks.10.attn.qkv.bias: lr_multiplier: 1.0, wd_multiplier: 0.0
I20260524 12:32:13 242915 dinov2 param_groups.py:87] blocks.10.attn.proj.weight: lr_multiplier: 1.0, wd_multiplier: 1.0
I20260524 12:32:13 242915 dinov2 param_groups.py:87] blocks.10.attn.proj.bias: lr_multiplier: 1.0, wd_multiplier: 0.0
I20260524 12:32:13 242915 dinov2 param_groups.py:87] blocks.10.ls1.gamma: lr_multiplier: 1.0, wd_multiplier: 0.0
I20260524 12:32:13 242915 dinov2 param_groups.py:87] blocks.10.norm2.weight: lr_multiplier: 1.0, wd_multiplier: 0.0
I20260524 12:32:13 242915 dinov2 param_groups.py:87] blocks.10.norm2.bias: lr_multiplier: 1.0, wd_multiplier: 0.0
I20260524 12:32:13 242915 dinov2 param_groups.py:87] blocks.10.mlp.fc1.weight: lr_multiplier: 1.0, wd_multiplier: 1.0
I20260524 12:32:13 242915 dinov2 param_groups.py:87] blocks.10.mlp.fc1.bias: lr_multiplier: 1.0, wd_multiplier: 0.0
I20260524 12:32:13 242915 dinov2 param_groups.py:87] blocks.10.mlp.fc2.weight: lr_multiplier: 1.0, wd_multiplier: 1.0
I20260524 12:32:13 242915 dinov2 param_groups.py:87] blocks.10.mlp.fc2.bias: lr_multiplier: 1.0, wd_multiplier: 0.0
I20260524 12:32:13 242915 dinov2 param_groups.py:87] blocks.10.ls2.gamma: lr_multiplier: 1.0, wd_multiplier: 0.0
I20260524 12:32:13 242915 dinov2 param_groups.py:87] blocks.11.norm1.weight: lr_multiplier: 1.0, wd_multiplier: 0.0
I20260524 12:32:13 242915 dinov2 param_groups.py:87] blocks.11.norm1.bias: lr_multiplier: 1.0, wd_multiplier: 0.0
I20260524 12:32:13 242915 dinov2 param_groups.py:87] blocks.11.attn.qkv.weight: lr_multiplier: 1.0, wd_multiplier: 1.0
I20260524 12:32:13 242915 dinov2 param_groups.py:87] blocks.11.attn.qkv.bias: lr_multiplier: 1.0, wd_multiplier: 0.0
I20260524 12:32:13 242915 dinov2 param_groups.py:87] blocks.11.attn.proj.weight: lr_multiplier: 1.0, wd_multiplier: 1.0
I20260524 12:32:13 242915 dinov2 param_groups.py:87] blocks.11.attn.proj.bias: lr_multiplier: 1.0, wd_multiplier: 0.0
I20260524 12:32:13 242915 dinov2 param_groups.py:87] blocks.11.ls1.gamma: lr_multiplier: 1.0, wd_multiplier: 0.0
I20260524 12:32:13 242915 dinov2 param_groups.py:87] blocks.11.norm2.weight: lr_multiplier: 1.0, wd_multiplier: 0.0
I20260524 12:32:13 242915 dinov2 param_groups.py:87] blocks.11.norm2.bias: lr_multiplier: 1.0, wd_multiplier: 0.0
I20260524 12:32:13 242915 dinov2 param_groups.py:87] blocks.11.mlp.fc1.weight: lr_multiplier: 1.0, wd_multiplier: 1.0
I20260524 12:32:13 242915 dinov2 param_groups.py:87] blocks.11.mlp.fc1.bias: lr_multiplier: 1.0, wd_multiplier: 0.0
I20260524 12:32:13 242915 dinov2 param_groups.py:87] blocks.11.mlp.fc2.weight: lr_multiplier: 1.0, wd_multiplier: 1.0
I20260524 12:32:13 242915 dinov2 param_groups.py:87] blocks.11.mlp.fc2.bias: lr_multiplier: 1.0, wd_multiplier: 0.0
I20260524 12:32:13 242915 dinov2 param_groups.py:87] blocks.11.ls2.gamma: lr_multiplier: 1.0, wd_multiplier: 0.0
I20260524 12:32:13 242915 dinov2 param_groups.py:87] norm.weight: lr_multiplier: 1.0, wd_multiplier: 0.0
I20260524 12:32:13 242915 dinov2 param_groups.py:87] norm.bias: lr_multiplier: 1.0, wd_multiplier: 0.0
I20260524 12:32:13 242915 dinov2 ssl_meta_arch.py:405] fusing param groups
I20260524 12:32:13 242915 dinov2 param_groups.py:64] else code branch
I20260524 12:32:13 242915 dinov2 param_groups.py:87] mlp.0.weight: lr_multiplier: 1.0, wd_multiplier: 1.0
I20260524 12:32:13 242915 dinov2 param_groups.py:87] mlp.0.bias: lr_multiplier: 1.0, wd_multiplier: 0.0
I20260524 12:32:13 242915 dinov2 param_groups.py:87] mlp.2.weight: lr_multiplier: 1.0, wd_multiplier: 1.0
I20260524 12:32:13 242915 dinov2 param_groups.py:87] mlp.2.bias: lr_multiplier: 1.0, wd_multiplier: 0.0
I20260524 12:32:13 242915 dinov2 param_groups.py:87] mlp.4.weight: lr_multiplier: 1.0, wd_multiplier: 1.0
I20260524 12:32:13 242915 dinov2 param_groups.py:87] mlp.4.bias: lr_multiplier: 1.0, wd_multiplier: 0.0
I20260524 12:32:13 242915 dinov2 param_groups.py:87] last_layer.weight_g: lr_multiplier: 1.0, wd_multiplier: 1.0
I20260524 12:32:13 242915 dinov2 param_groups.py:87] last_layer.weight_v: lr_multiplier: 1.0, wd_multiplier: 1.0
I20260524 12:32:13 242915 dinov2 ssl_meta_arch.py:405] fusing param groups
I20260524 12:32:13 242915 dinov2 train.py:107] Schedulers ready.
W20260524 12:32:13 242915 py.warnings warnings.py:109] /sci/labs/arieljaffe/dan.abergel1/torch_env/lib/python3.11/site-packages/torch/distributed/fsdp/fully_sharded_data_parallel.py:822: FutureWarning: FSDP.state_dict_type() and FSDP.set_state_dict_type() are being deprecated. Please use APIs, get_state_dict() and set_state_dict(), which can support different parallelisms, FSDP1, FSDP2, DDP. API doc: https://pytorch.org/docs/stable/distributed.checkpoint.html#torch.distributed.checkpoint.state_dict.get_state_dict .Tutorial: https://pytorch.org/tutorials/recipes/distributed_checkpoint_recipe.html .
  prev_state_dict_settings = FullyShardedDataParallel.set_state_dict_type(

I20260524 12:32:13 242915 fvcore.common.checkpoint checkpoint.py:148] No checkpoint found. Initializing model from scratch
W20260524 12:32:13 242915 py.warnings warnings.py:109] /sci/labs/arieljaffe/dan.abergel1/torch_env/lib/python3.11/site-packages/torch/distributed/fsdp/fully_sharded_data_parallel.py:829: FutureWarning: FSDP.state_dict_type() and FSDP.set_state_dict_type() are being deprecated. Please use APIs, get_state_dict() and set_state_dict(), which can support different parallelisms, FSDP1, FSDP2, DDP. API doc: https://pytorch.org/docs/stable/distributed.checkpoint.html#torch.distributed.checkpoint.state_dict.get_state_dict .Tutorial: https://pytorch.org/tutorials/recipes/distributed_checkpoint_recipe.html .
  FullyShardedDataParallel.set_state_dict_type(

I20260524 12:32:13 242915 dinov2 fmri_data.py:193] ###################################
I20260524 12:32:13 242915 dinov2 fmri_data.py:194] Using fMRI multi-crop parameters:
I20260524 12:32:13 242915 dinov2 fmri_data.py:195] global_crops_scale: [0.32, 1.0]
I20260524 12:32:13 242915 dinov2 fmri_data.py:196] local_crops_scale: [0.05, 0.32]
I20260524 12:32:13 242915 dinov2 fmri_data.py:197] local_crops_number: 8
I20260524 12:32:13 242915 dinov2 fmri_data.py:198] ###################################
I20260524 12:32:13 242915 dinov2 loaders.py:107] using dataset: "HCP"
I20260524 12:32:21 242915 dinov2 fmri_data.py:88] HCPFullScanDataset: 967 subjects under /sci/labs/arieljaffe/dan.abergel1/HCP_data
I20260524 12:32:21 242915 dinov2 loaders.py:112] # of dataset samples: 967
I20260524 12:32:21 242915 dinov2 loaders.py:145] sampler: sharded infinite
I20260524 12:32:21 242915 dinov2 loaders.py:229] using PyTorch data loader
I20260524 12:32:21 242915 dinov2 loaders.py:244] infinite data loader
I20260524 12:32:21 242915 dinov2 train.py:258] Starting training from iteration 0
